// Jest Snapshot v1, https://goo.gl/fbAQLP

exports[`when applied with default settings matches snapshot: default: main.js 1`] = `
"/******/ (function(modules) { // webpackBootstrap
/******/ 	// The module cache
/******/ 	var installedModules = {};
/******/
/******/ 	// The require function
/******/ 	function __webpack_require__(moduleId) {
/******/
/******/ 		// Check if module is in cache
/******/ 		if(installedModules[moduleId]) {
/******/ 			return installedModules[moduleId].exports;
/******/ 		}
/******/ 		// Create a new module (and put it into the cache)
/******/ 		var module = installedModules[moduleId] = {
/******/ 			i: moduleId,
/******/ 			l: false,
/******/ 			exports: {}
/******/ 		};
/******/
/******/ 		// Execute the module function
/******/ 		modules[moduleId].call(module.exports, module, module.exports, __webpack_require__);
/******/
/******/ 		// Flag the module as loaded
/******/ 		module.l = true;
/******/
/******/ 		// Return the exports of the module
/******/ 		return module.exports;
/******/ 	}
/******/
/******/
/******/ 	// expose the modules object (__webpack_modules__)
/******/ 	__webpack_require__.m = modules;
/******/
/******/ 	// expose the module cache
/******/ 	__webpack_require__.c = installedModules;
/******/
/******/ 	// define getter function for harmony exports
/******/ 	__webpack_require__.d = function(exports, name, getter) {
/******/ 		if(!__webpack_require__.o(exports, name)) {
/******/ 			Object.defineProperty(exports, name, {
/******/ 				configurable: false,
/******/ 				enumerable: true,
/******/ 				get: getter
/******/ 			});
/******/ 		}
/******/ 	};
/******/
/******/ 	// getDefaultExport function for compatibility with non-harmony modules
/******/ 	__webpack_require__.n = function(module) {
/******/ 		var getter = module && module.__esModule ?
/******/ 			function getDefault() { return module['default']; } :
/******/ 			function getModuleExports() { return module; };
/******/ 		__webpack_require__.d(getter, 'a', getter);
/******/ 		return getter;
/******/ 	};
/******/
/******/ 	// Object.prototype.hasOwnProperty.call
/******/ 	__webpack_require__.o = function(object, property) { return Object.prototype.hasOwnProperty.call(object, property); };
/******/
/******/ 	// __webpack_public_path__
/******/ 	__webpack_require__.p = \\"\\";
/******/
/******/ 	// Load entry module and return exports
/******/ 	return __webpack_require__(__webpack_require__.s = 0);
/******/ })
/************************************************************************/
/******/ ([
/* 0 */
/***/ (function(module, exports) {

// foo
// bar
var a = 2 + 2;

module.exports = function Foo() {
    var b = 2 + 2;
    console.log(b + 1 + 2);
};

/***/ })
/******/ ]);"
`;

exports[`when applied with default settings matches snapshot: default: main.js.br 1`] = `
Object {
  "data": Array [
    27,
    25,
    10,
    0,
    156,
    7,
    182,
    141,
    100,
    157,
    92,
    79,
    130,
    54,
    12,
    197,
    87,
    39,
    11,
    231,
    212,
    153,
    81,
    55,
    78,
    1,
    37,
    171,
    33,
    184,
    194,
    183,
    3,
    130,
    82,
    0,
    201,
    157,
    20,
    144,
    44,
    11,
    123,
    243,
    229,
    151,
    83,
    35,
    44,
    82,
    129,
    67,
    104,
    148,
    35,
    247,
    242,
    195,
    232,
    218,
    35,
    247,
    195,
    202,
    117,
    108,
    85,
    85,
    225,
    171,
    42,
    107,
    67,
    156,
    109,
    123,
    213,
    148,
    67,
    2,
    105,
    106,
    50,
    172,
    137,
    207,
    175,
    52,
    100,
    3,
    72,
    254,
    187,
    10,
    125,
    161,
    105,
    120,
    154,
    152,
    129,
    70,
    118,
    59,
    119,
    189,
    93,
    210,
    83,
    134,
    234,
    6,
    211,
    52,
    140,
    87,
    115,
    60,
    54,
    96,
    33,
    221,
    4,
    25,
    82,
    50,
    171,
    167,
    131,
    219,
    128,
    143,
    74,
    131,
    6,
    30,
    91,
    84,
    76,
    172,
    63,
    69,
    149,
    81,
    34,
    185,
    122,
    137,
    98,
    148,
    72,
    238,
    193,
    198,
    236,
    193,
    228,
    64,
    15,
    73,
    219,
    96,
    102,
    189,
    192,
    46,
    145,
    127,
    127,
    125,
    144,
    188,
    44,
    91,
    47,
    120,
    95,
    112,
    115,
    209,
    109,
    21,
    140,
    49,
    231,
    106,
    146,
    136,
    247,
    124,
    129,
    179,
    73,
    179,
    254,
    210,
    97,
    180,
    141,
    189,
    20,
    7,
    79,
    9,
    61,
    95,
    170,
    198,
    232,
    13,
    35,
    170,
    39,
    2,
    59,
    225,
    129,
    12,
    205,
    84,
    143,
    117,
    69,
    121,
    47,
    87,
    248,
    185,
    181,
    181,
    1,
    47,
    39,
    246,
    238,
    162,
    45,
    242,
    204,
    154,
    252,
    180,
    126,
    255,
    47,
    143,
    98,
    112,
    30,
    27,
    170,
    239,
    230,
    35,
    118,
    182,
    190,
    207,
    246,
    54,
    35,
    55,
    231,
    28,
    13,
    246,
    235,
    149,
    81,
    222,
    147,
    167,
    153,
    222,
    240,
    40,
    65,
    44,
    154,
    42,
    95,
    63,
    207,
    164,
    87,
    148,
    9,
    198,
    195,
    168,
    186,
    155,
    60,
    177,
    41,
    64,
    204,
    79,
    140,
    207,
    107,
    38,
    160,
    40,
    18,
    113,
    20,
    36,
    90,
    78,
    161,
    239,
    155,
    137,
    14,
    162,
    115,
    87,
    131,
    98,
    18,
    227,
    46,
    110,
    6,
    126,
    173,
    92,
    53,
    128,
    101,
    165,
    53,
    117,
    15,
    23,
    234,
    169,
    54,
    83,
    59,
    194,
    109,
    112,
    63,
    245,
    195,
    22,
    184,
    160,
    235,
    233,
    220,
    210,
    237,
    54,
    191,
    44,
    81,
    137,
    107,
    17,
    193,
    184,
    173,
    48,
    246,
    179,
    1,
    153,
    226,
    29,
    52,
    97,
    52,
    56,
    196,
    2,
    151,
    90,
    62,
    38,
    88,
    198,
    17,
    33,
    83,
    136,
    119,
    172,
    133,
    37,
    132,
    15,
    227,
    92,
    198,
    184,
    198,
    200,
    60,
    155,
    205,
    242,
    119,
    147,
    221,
    60,
    184,
    232,
    129,
    23,
    249,
    69,
    205,
    144,
    215,
    69,
    95,
    87,
    151,
    110,
    150,
    42,
    233,
    196,
    207,
    253,
    47,
    85,
    154,
    42,
    99,
    9,
    138,
    235,
    41,
    141,
    138,
    224,
    17,
    203,
    167,
    103,
    141,
    182,
    118,
    248,
    160,
    100,
    8,
    92,
    161,
    165,
    107,
    209,
    1,
    100,
    48,
    101,
    186,
    208,
    130,
    78,
    226,
    137,
    84,
    149,
    224,
    0,
    89,
    33,
    154,
    95,
    199,
    88,
    243,
    190,
    206,
    1,
    88,
    43,
    82,
    231,
    45,
    169,
    116,
    124,
    141,
    6,
    229,
    157,
    218,
    244,
    107,
    145,
    255,
    44,
    20,
    176,
    225,
    185,
    18,
    26,
    88,
    21,
    0,
    231,
    222,
    118,
    189,
    30,
    174,
    201,
    190,
    188,
    156,
    150,
    189,
    237,
    33,
    177,
    143,
    228,
    39,
    219,
    185,
    196,
    110,
    38,
    51,
    244,
    61,
    179,
    74,
    175,
    189,
    231,
    193,
    225,
    146,
    2,
    178,
    149,
    92,
    40,
    58,
    98,
    73,
    196,
    161,
    134,
    160,
    180,
    109,
    157,
    157,
    129,
    241,
    57,
    229,
    87,
    2,
    161,
    166,
    81,
    167,
    26,
    203,
    87,
    136,
    68,
    206,
    157,
    62,
    149,
    203,
    225,
    210,
    112,
    145,
    164,
    171,
    9,
    243,
    49,
    134,
    22,
    86,
    17,
    129,
    68,
    187,
    142,
    96,
    242,
    207,
    93,
    75,
    244,
    103,
    241,
    255,
    165,
    211,
    223,
    180,
    54,
    131,
    60,
    248,
    123,
    22,
    122,
    255,
    55,
    170,
    91,
    125,
    178,
    62,
    20,
    47,
    71,
    105,
    26,
    22,
    31,
    127,
    157,
    158,
    116,
    169,
    72,
    215,
    210,
    215,
    63,
    152,
    73,
    48,
    209,
    38,
    209,
    25,
    190,
    133,
    234,
    113,
    14,
    178,
    244,
    148,
    5,
    147,
    217,
    159,
    128,
    67,
    11,
    187,
    227,
    146,
    39,
    231,
    37,
    24,
    212,
    93,
    180,
    6,
    205,
    4,
    34,
    247,
    84,
    52,
  ],
  "type": "Buffer",
}
`;
